main.c:186:6:commutateNow_0	8	static
main.c:197:6:commutateNow_1	8	static
main.c:208:6:commutateNow_2	8	static
main.c:219:6:commutateNow_3	8	static
main.c:231:6:commutateNow_4	8	static
main.c:242:6:commutateNow_5	8	static
main.c:253:6:commutationPattern	40	static,ignoring_inline_asm
main.c:342:6:startMotor	16	static
main.c:372:6:reset	8	static
main.c:388:5:main	8	static
main.c:535:6:SystemClock_Config	128	static
main.c:579:13:MX_ADC1_Init	48	static
main.c:638:13:MX_ADC2_Init	32	static
main.c:703:13:MX_ADC3_Init	48	static
main.c:762:13:MX_ADC4_Init	32	static
main.c:814:13:MX_COMP1_Init	8	static
main.c:847:13:MX_COMP2_Init	8	static
main.c:880:13:MX_COMP3_Init	8	static
main.c:913:13:MX_DAC_Init	24	static
main.c:948:13:MX_TIM1_Init	96	static
main.c:1020:13:MX_TIM2_Init	40	static
main.c:1062:13:MX_TIM3_Init	48	static
main.c:1107:13:MX_TIM6_Init	24	static
main.c:1143:13:MX_TIM15_Init	56	static
main.c:1204:13:MX_TIM16_Init	8	static
main.c:1234:13:MX_USART1_UART_Init	8	static
main.c:1265:13:MX_DMA_Init	16	static
main.c:1289:13:MX_GPIO_Init	40	static
main.c:1322:6:HAL_ADC_ConvCpltCallback	16	static
main.c:1326:6:HAL_COMP_TriggerCallback	16	static
main.c:1341:6:HAL_TIM_PWM_PulseFinishedCallback	24	static
main.c:1387:6:StartComparatorTask	16	static
main.c:1465:6:StartAnalogInTask	24	static
main.c:1523:6:StartControllerTask	32	static
main.c:1568:6:StartPositioningTask	24	static
main.c:1606:6:HAL_TIM_PeriodElapsedCallback	16	static
main.c:1620:6:Error_Handler	4	static,ignoring_inline_asm
