stm32f3xx_it.c:85:6:NMI_Handler	4	static
stm32f3xx_it.c:100:6:HardFault_Handler	4	static
stm32f3xx_it.c:115:6:MemManage_Handler	4	static
stm32f3xx_it.c:130:6:BusFault_Handler	4	static
stm32f3xx_it.c:145:6:UsageFault_Handler	4	static
stm32f3xx_it.c:160:6:DebugMon_Handler	4	static
stm32f3xx_it.c:180:6:DMA1_Channel1_IRQHandler	8	static
stm32f3xx_it.c:194:6:DMA1_Channel5_IRQHandler	8	static
stm32f3xx_it.c:208:6:ADC1_2_IRQHandler	8	static
stm32f3xx_it.c:223:6:TIM1_BRK_TIM15_IRQHandler	8	static
stm32f3xx_it.c:238:6:TIM1_UP_TIM16_IRQHandler	8	static
stm32f3xx_it.c:253:6:TIM1_CC_IRQHandler	8	static
stm32f3xx_it.c:267:6:TIM3_IRQHandler	8	static
stm32f3xx_it.c:281:6:TIM6_DAC_IRQHandler	8	static
stm32f3xx_it.c:296:6:TIM7_IRQHandler	8	static
stm32f3xx_it.c:310:6:DMA2_Channel1_IRQHandler	8	static
stm32f3xx_it.c:324:6:COMP1_2_3_IRQHandler	8	static
